🚀 Starting add-back-element-from-pmb.py
📝 Processing file: L00895_test.xml
🔧 Creating PMBProcessor instance...
🔧 Initializing PMBProcessor...
📥 Initializing optimized PMB system...
📋 Indexing person IDs from listperson.xml...
✅ Indexed 43166 person IDs
📋 Indexing place IDs from listplace.xml...
✅ Indexed 15133 place IDs
📋 Indexing org IDs from listorg.xml...
✅ Indexed 1821 org IDs
📋 Indexing work IDs from listbibl.xml...
✅ Indexed 28063 work IDs
📋 Indexing event IDs from listevent.xml...
✅ Indexed 6588 event IDs
📊 Total PMB entities indexed: 94771
✅ PMBProcessor initialized with minimal loading strategy
▶️ Starting file processing...
🔄 Starting processing of L00895_test.xml
📖 Reading file: L00895_test.xml
📝 File size: 12,286 characters
🔍 Extracting processing instructions...
⚙️ Parsing XML...
✅ XML parsed successfully
🔍 Step 1: Extracting references...
📊 Found references: 7 total
✅ Step 1 completed
🌐 Step 2: Populating from PMB data...
🔍 Looking up: pmb2121 -> pmb2121 (entity_type: person)
🔍 Looking up: pmb2416 -> pmb2416 (entity_type: person)
🔍 Looking up: pmb2416 -> pmb2416 (entity_type: person)
🔍 Searching for pmb2416 in listperson.xml...
✅ Found and cached pmb2416
✅ Found pmb2416 in local PMB data
🔍 Looking up: pmb32562 -> pmb32562 (entity_type: bibl)
🔍 Looking up: pmb32562 -> pmb32562 (entity_type: bibl)
🔍 Searching for pmb32562 in listbibl.xml...
✅ Found and cached pmb32562
✅ Found pmb32562 in local PMB data
🔍 Looking up: pmb168934 -> pmb168934 (entity_type: place)
🔍 Looking up: pmb168934 -> pmb168934 (entity_type: place)
🔍 Searching for pmb168934 in listplace.xml...
✅ Found and cached pmb168934
✅ Found pmb168934 in local PMB data
🔍 Looking up: pmb50 -> pmb50 (entity_type: place)
🔍 Looking up: pmb50 -> pmb50 (entity_type: place)
🔍 Searching for pmb50 in listplace.xml...
✅ Found and cached pmb50
✅ Found pmb50 in local PMB data
🔍 Looking up: pmb52 -> pmb52 (entity_type: place)
🔍 Looking up: pmb52 -> pmb52 (entity_type: place)
🔍 Searching for pmb52 in listplace.xml...
✅ Found and cached pmb52
✅ Found pmb52 in local PMB data
🔍 Looking up: pmb59 -> pmb59 (entity_type: place)
🔍 Looking up: pmb59 -> pmb59 (entity_type: place)
🔍 Searching for pmb59 in listplace.xml...
✅ Found and cached pmb59
✅ Found pmb59 in local PMB data
✅ Step 2 completed
⚙️ Step 3: Normalizing data...
✅ Step 3 completed

📊 PMB Processing Statistics:
   Total lookups: 6
   Found locally: 6
   Not found locally: 0
   API calls made: 0
   API successes: 0
   API failures: 0
   Hit rate: 100.0%
✅ Script completed: L00895_test.xml
Successfully processed: L00895_test.xml
