Prüfe XML-Dateien auf fehlende <space/>-Elemente...

L00026
rHoffmann

L00103
Freitagabend

L00158
Sudermanninſonderheit

L00185
Abbazia5. 3. 9

L00225
ieBrühl

L00227
P. H.s

L00245
FreitagMittag

L00276
Wiener Spiegel

L00329
 XVIII, Exnergasse 3III. St. Th. 22

L00348
(Ischl, Grazerſtr 133

L00364
Wir gehen um6
6,
,6
7Uhr
Uhrjedenfalls

L00385
Abends

L00389
, den22. Okt.

L00425
Hubermannconcert

L00465
, den23. Juli

L00492
und Glück und Natur.«

L00494
def.

L00497
, den4. Oktober

L00532
, den5. Febr.

L00537
, den3. März

L00540
, den14. März

L00571
Nach-Mittag

L00573
År96

L00580
Halbwahr

L00582
SamstagFrüh

L00583
, den2. September

L00584
, den4. Sept.

L00598
, den24.
September189

L00603
, den8/10

L00604
, den10. October

L00617
, den5. November

L00620
, den11. November

L00622
»Das Abschiedssouper 

L00629
, den16. Dezember

L00632
, den21. Dez.

L00633
, den23. December

L00649
, den12/3 97

L00656
, den22. März

L00659
, den23. März

L00664
½ 11h

L00695
, den8. Juli

L00725
, den28. Sept.

L00737
, den10. November

L00739
, den12/11

L00743
, den16. Nov.

L00765
, den24 Januar

L00805
desGedichtes

L00810
A18

L00830
–Baſel

L00843
, den2. September

L00847
rBrahm

L00856
, den14. November

L00863
, den1. December

L00867
, den14. Dez.

L00876
HuysmansUn
                 

L00880
DePreußen

L00888
, den10. Februar

L00898
, den6. März

L00901
, den8. März

L00908
darüber

L00925
Antoine, Direktor

L00934
verläßt dieZeit

L00942
Franzensfeste–
Bozen)

L01014
Hebbel

L01127
 lauriers sont coupées

L01210
Frau,

L01213
1h

L01233
7h

L01250
chleier der Beatrice«

L01275
um9

L01292
 des wiſſenſch. Club)

L01300
Campiglio.

L01335
Kakadupremière

L01338
Burckhardt

L01382
Freitagabend

L01417
**
**
**
**

L01420
Mama)

L01432
Nachmittag

L01450
Kunst und Künstler«

L01481
239 40–m

L01495
Schenker’s Reise-Bulletin
Kingston (Jamaika)Santiago de Cuba

L01534
ins

L01573
. etc«

L01580
Ruf«

L01592
S. Fischer, Verlag,

L01593
S. Fischer, Verlag,

L01646
17ten

L01662
Kammerliebelei

L01702
tagtelegr.

L01713
Salten,

L01743
Hebbel

L01781
14Juli

L01796
Morgen«
rSchnitzler

L01818
tag)

L01839
Dr

L01867
rAuernheimer

L01912
Volkstheaterpremiere

L01920
»Puppenspieler

L01946
rErnſt
here, ſentimentalereAltenberg
Wiener Verlag1903

L01974
»Ali Bekkar
Burgtheaterpremière

L01985
Frau!

L01998
rGeorg von

L02002
rBittner

L02033
Ibsen-Darstellerin

L02053
              Ranges.

L02095
irgendeinen Anspruch

L02123
Bruders
Peters

L02134
Universität Illinois. Prof. Dr.

L02167
kurort ersten Ranges.
, am27 III.

L02199
        begreiflichedie

L02211
rReiks

L02222
S. Fischer1912

L02224
!)

L02284
?und 2.
1922)

L02298
Hans Sachssche

L02321
Peters

L02332
te

L02334
Hochzeit der SobeideUraufführung

L02341
ol

L02453
»Der Gang zum Weiher

L02502
rHeinrich
           

L02531
Tagebuch«

L02606
Goldmann

L02617
Frankfurt.

L02619
Skizzen,

L02657
Wiener

L02660
,6. April

L02661
,27. April
Herrſe
»Sonn- und Montagszei
- und Montagszeitung«

L02668
Alkandi!

L02711
Berlin,

L02713
Mittwoch.

L02722
6. December.

L02726
Artaria.

L02729
Geiſt!

L02735
wiene

L02748
re

L02749
6. Oktober.

L02751
.a.-Correspondenten.
n.a.
M. Aubry,

L02753
Kritiker,

L02762
5.

L02766
Herrn

L02771
,9. März

L02800
Loening1894

L02802
27 janvier.

L02835
Paris-

L02836
Burgtheateraufgeführt

L02850
Oſtermorgen

L02892
Schillers

L02914
allen ganz beſondersLiebelei
Liebelei, die Dritte zu Over
n zuwenden, wenn derBorſtel
Borſteler Stall

L02934
Voſſiſche Zeitung

L02949
»Percy kommt

L02955
Doerstag

L02991
Richard Klein,

L02992
Margott

L03019
17/5 17.

L03105
Bergdirektor,

L03127
Cortinadauernd die

L03128
München,

L03152
München,

L03158
Beer-Hofmann,

L03161
Friedhof,

L03164
Japaner,

L03180
erſitätsſtraße Nr. 6.

L03186
einen,
Herrengasse,
Deibler,

L03197
rthur Schnitzler’s »Lebendige Stunden
Lebendige Stunden«,

L03198
Sächſiſche Schweiz,

L03199
Frankfurt,

L03202
Hotel »Blauer Stern«.

L03209
Freitagabend

L03210
etc?

L03270
22./7. 97.

L03274
Wien,

L03285
Wien«
rSzeps

L03306
sse 32, VIII. Bezirk,

L03310
(Innsbruck

L03313
rMandl

L03319
Berlin,

L03320
Schlange,

L03335
Zeit,

L03337
Abds, um 10,
Café.

L03339
»Hund

L03343
Zeit,

L03344
Zeit,

L03345
Arbeite

L03348
Zeit,

L03353
Anatols
!!!«
on dem Vorstadtmotiv«
Anatol,
Mann,

L03354
Zeit,

L03356
rKanner

L03364
1/3 ½
                

L03398
Zeit,

L03417
rGinsberg

L03419
Einſame Weg«

L03422
rGinsberg

L03438
hn

L03442
Bamberg,

L03463
Berlin,

L03491
Feberheft

L03510
Rübezahl,
,Forstwarte

L03537
Hebbel’

L03541
1911.

L03546
rRosenbaum

L03551
hier,

L03592
Pasadena,

L03607
S. Fiſcher, Verlag,

L03611
S. Fischer, Verlag,

L03613
S. Fiſcher, Verlag,

L03655
entschuldigt,

L03686
esterreichischen Hof«

L03688
Lernet-Holenia, der gerade vorbeik
der gerade vorbeikam,

L03690
Geradei
iI

L03703
            Rhythmen«

L03726
10o

L03728
Deutschen Theaters«
October 99)

L03748
Steinrücks,

L03771
Journal de Genève,

L03819
     Hyſterieanalyſe1905

L03863
Paris20. VII. 95

L03865
r.

L03880
            Erlebnis,

L03905
detéléphone

L03929
Ghettoaffaire

L03938
aus künſtle¬riſchen Gründen unth

L03957
               Szene«

L03964
Fräulein ElseElisabeth Bergner

L03965
»Reigen
Reigen«

L03972
im vorigenJahr

L03973
»Kakdu«»

L03985
wo ich mitvölligem Vertrauen b

L03995
rFrischauer

L03996
morgenVormittag

L04009
a Porte Saint-MartinPremiere

L04021
Balkon Loge Nr. 2,Links

L04027
SamſtagOrpheus

L04041
erwartenSie mich nicht

L04078
Trient(post
              

L04081
Pontreſinarecht

L04091
SchnitzlersTagebuch

L04111
Paris9. 5. 97

L04113
I1. Gallerie

L04119
Zelzerreserviren

L04121
Ischl15/7 97

L04127
VenedigFlorenz
FlorenzMailand

L04131
Ischl25/8 99

L04142
Neuen Freien.
Münchenpost rest.
Richard,

L04146
Wien10. 11. 903

L04183
Alt-Aussee

L04184
Partenkirchen31. 8. 18

L04191
VonMürzzuſchlag

L04193
ieBrühl

